// Jest Snapshot v1, https://goo.gl/fbAQLP

exports[`Test <GifExpertApp/> should show show the component successfully 1`] = `
<Fragment>
  <h2>
    Gif Expert App
  </h2>
  <AddCategory
    setCategories={[Function]}
  />
  <hr />
  <ol>
    <GifGrid
      category="One Piece"
      key="One Piece"
    />
  </ol>
</Fragment>
`;
